# buildifier:noformat
my_list=[
    ["//abc:def",     "foo",          {11111:  2}],
    ["xyz",           "bar",          {33:    44}],
    ["xy:z",          "baz",          {663:   64}],
]

my_var = "somevalue"
